// Jest Snapshot v1, https://goo.gl/fbAQLP

exports[`renders correctly 1`] = `
"<div class=\\"App\\">
  <div class=\\"menu\\">
    <div class=\\"container\\">
      <h2>Heey header</h2>
    </div>
  </div>
  <div class=\\"menu_pdls\\">
    <div class=\\"category_filter\\"><select name=\\"category\\" class=\\"categoryDropdown\\">
        <option value=\\"ALL\\">CATEGORIES</option>
        <option valu=\\"men's clothing\\">men's clothing</option>
        <option valu=\\"jewelery\\">jewelery</option>
        <option valu=\\"electronics\\">electronics</option>
        <option valu=\\"women's clothing\\">women's clothing</option>
      </select></div>
    <div class=\\"container_pdls\\"></div>
    <section></section>
  </div>
</div>"
`;
